[themewagon.github.io/industire/index.html]
[backblue.gif]
[fade.gif]
[index.html]
[themewagon.github.io/industire/fonts/icomoon/style.css]
[themewagon.github.io/industire/css/bootstrap.min.css]
[themewagon.github.io/industire/css/magnific-popup.css]
[themewagon.github.io/industire/css/jquery-ui.css]
[themewagon.github.io/industire/css/owl.carousel.min.css]
[themewagon.github.io/industire/css/owl.theme.default.min.css]
[themewagon.github.io/industire/css/bootstrap-datepicker.css]
[themewagon.github.io/industire/fonts/flaticon/font/flaticon.css]
[themewagon.github.io/industire/css/aos.css]
[themewagon.github.io/industire/css/style.css]
[themewagon.github.io/industire/index-2.html]
[themewagon.github.io/industire/about.html]
[themewagon.github.io/industire/news.html]
[themewagon.github.io/industire/services.html]
[themewagon.github.io/industire/contact.html]
[themewagon.github.io/industire/images/hero_bg_1.jpg]
[themewagon.github.io/industire/images/img_4_colored.jpg]
[themewagon.github.io/industire/images/img_1_colored.jpg]
[themewagon.github.io/industire/images/img_2_colored.jpg]
[themewagon.github.io/industire/images/img_3_colored.jpg]
[themewagon.github.io/industire/images/person_1.jpg]
[themewagon.github.io/industire/images/person_2.jpg]
[themewagon.github.io/industire/images/person_3.jpg]
[themewagon.github.io/industire/images/person_4.jpg]
[themewagon.github.io/cdn-cgi/scripts/5c5dd728/cloudflare-static/email-decode.min.js]
[themewagon.github.io/industire/js/jquery-3.3.1.min.js]
[themewagon.github.io/industire/js/jquery-migrate-3.0.1.min.js]
[themewagon.github.io/industire/js/jquery-ui.js]
[themewagon.github.io/industire/js/popper.min.js]
[themewagon.github.io/industire/js/bootstrap.min.js]
[themewagon.github.io/industire/js/owl.carousel.min.js]
[themewagon.github.io/industire/js/jquery.stellar.min.js]
[themewagon.github.io/industire/js/jquery.countdown.min.js]
[themewagon.github.io/industire/js/jquery.magnific-popup.min.js]
[themewagon.github.io/industire/js/bootstrap-datepicker.min.js]
[themewagon.github.io/industire/js/aos.js]
[themewagon.github.io/industire/js/main.js]
[themewagon.github.io/industire/index.html]
[themewagon.github.io/industire/fonts/icomoon/fonts/icomoon1a44.eot]
[themewagon.github.io/industire/fonts/icomoon/fonts/icomoon1a44.ttf]
[themewagon.github.io/industire/fonts/icomoon/fonts/icomoon1a44.woff]
[themewagon.github.io/industire/fonts/icomoon/style.css]
[themewagon.github.io/industire/css/bootstrap.min.css]
[themewagon.github.io/industire/css/magnific-popup.css]
[themewagon.github.io/industire/fonts/icomoon/fonts/icomoon1a44.svg]
[themewagon.github.io/industire/css/images/ui-bg_gloss-wave_55_5c9ccc_500x100.png]
[themewagon.github.io/industire/css/images/ui-bg_glass_85_dfeffc_1x400.png]
[themewagon.github.io/industire/css/images/ui-bg_glass_75_d0e5f5_1x400.png]
[themewagon.github.io/industire/css/images/ui-bg_inset-hard_100_f5f8f9_1x100.png]
[themewagon.github.io/industire/css/images/ui-bg_glass_95_fef1ec_1x400.png]
[themewagon.github.io/industire/css/images/ui-icons_469bdd_256x240.png]
[themewagon.github.io/industire/css/images/ui-icons_d8e7f3_256x240.png]
[themewagon.github.io/industire/css/images/ui-icons_6da8d5_256x240.png]
[themewagon.github.io/industire/css/images/ui-icons_217bc0_256x240.png]
[themewagon.github.io/industire/css/images/ui-icons_f9bd01_256x240.png]
[themewagon.github.io/industire/css/images/ui-icons_2e83ff_256x240.png]
[themewagon.github.io/industire/css/images/ui-icons_cd0a0a_256x240.png]
[themewagon.github.io/industire/css/jquery-ui.css]
[themewagon.github.io/industire/css/owl.video.play.png]
[themewagon.github.io/industire/css/owl.carousel.min.css]
[themewagon.github.io/industire/css/owl.theme.default.min.css]
[themewagon.github.io/industire/css/bootstrap-datepicker.css]
[themewagon.github.io/industire/fonts/flaticon/font/Flaticon.eot]
[themewagon.github.io/industire/fonts/flaticon/font/Flaticond41d.eot]
[themewagon.github.io/industire/fonts/flaticon/font/Flaticon.woff]
[themewagon.github.io/industire/fonts/flaticon/font/Flaticon.ttf]
[themewagon.github.io/industire/fonts/flaticon/font/flaticon.css]
[themewagon.github.io/industire/css/aos.css]
[themewagon.github.io/industire/css/style.css]
[themewagon.github.io/industire/index-2.html]
[themewagon.github.io/industire/fonts/flaticon/font/Flaticon.svg]
[themewagon.github.io/industire/images/hero_bg_2.jpg]
[themewagon.github.io/industire/about.html]
[themewagon.github.io/industire/images/img_1.jpg]
[themewagon.github.io/industire/images/img_2.jpg]
[themewagon.github.io/industire/images/img_3.jpg]
[themewagon.github.io/industire/images/img_4.jpg]
[themewagon.github.io/industire/news.html]
[themewagon.github.io/industire/services.html]
[themewagon.github.io/industire/contact.html]
[themewagon.github.io/cdn-cgi/scripts/5c5dd728/cloudflare-static/email-decode.min.html]
[themewagon.github.io/industire/fonts/icomoon/fonts/icomoon1a44.svg]
[themewagon.github.io/industire/css/images/ui-bg_gloss-wave_55_5c9ccc_500x100.html]
[themewagon.github.io/industire/css/images/ui-bg_glass_85_dfeffc_1x400.html]
[themewagon.github.io/industire/css/images/ui-bg_glass_75_d0e5f5_1x400.html]
[themewagon.github.io/industire/css/images/ui-bg_inset-hard_100_f5f8f9_1x100.html]
[themewagon.github.io/industire/css/images/ui-bg_glass_95_fef1ec_1x400.html]
[themewagon.github.io/industire/css/images/ui-icons_469bdd_256x240.html]
[themewagon.github.io/industire/css/images/ui-icons_d8e7f3_256x240.html]
[themewagon.github.io/industire/css/images/ui-icons_6da8d5_256x240.html]
[themewagon.github.io/industire/css/images/ui-icons_217bc0_256x240.html]
[themewagon.github.io/industire/css/images/ui-icons_f9bd01_256x240.html]
[themewagon.github.io/industire/css/images/ui-icons_2e83ff_256x240.html]
[themewagon.github.io/industire/css/images/ui-icons_cd0a0a_256x240.html]
[themewagon.github.io/industire/css/owl.video.play.html]
[themewagon.github.io/industire/fonts/flaticon/font/Flaticon.svg]
